// Jest Snapshot v1, https://goo.gl/fbAQLP

exports[`GifGrid component tests should show items when the imgs are loaded 1`] = `
<div
  className="gifs animate__animated animate__fadeIn"
>
  <h3>
    One Punch
  </h3>
  <p
    className="animate__animated animate__flash"
  >
    Loading...
  </p>
  <div
    className="card-grid animate__animated animate__fadeIn"
  />
</div>
`;

exports[`GifGrid component tests should show the component correctly 1`] = `
<div
  className="gifs animate__animated animate__fadeIn"
>
  <h3>
    One Punch
  </h3>
  <p
    className="animate__animated animate__flash"
  >
    Loading...
  </p>
  <div
    className="card-grid animate__animated animate__fadeIn"
  />
</div>
`;
